Last login: Fri Dec 13 10:29:24 on ttys000
(base) aldaziagreen@Aldazias-MacBook-Air ~ % cd git
(base) aldaziagreen@Aldazias-MacBook-Air git % ls
Aldazia.github.io
Computational-Social-Science-Training-Program
ComputationalSocialScienceProjects
GitHub-Collaboration-Practice
Python-Data-Wrangling
git_challenges
group_project
my_first_repo
(base) aldaziagreen@Aldazias-MacBook-Air git % cd ComputationalSocialScienceProjects
(base) aldaziagreen@Aldazias-MacBook-Air ComputationalSocialScienceProjects % git status
On branch main
Your branch is up to date with 'origin/main'.

Untracked files:
  (use "git add <file>..." to include in what will be committed)
	Project1/.ipynb_checkpoints/
	Project2/Project 2 Aldazia Green .ipynb
	Project4/

nothing added to commit but untracked files present (use "git add" to track)
(base) aldaziagreen@Aldazias-MacBook-Air ComputationalSocialScienceProjects % git add   Project1/.ipynb_checkpoints/
(base) aldaziagreen@Aldazias-MacBook-Air ComputationalSocialScienceProjects % git add Project2/Project 2 Aldazia Green .ipynb
fatal: pathspec 'Project2/Project' did not match any files
(base) aldaziagreen@Aldazias-MacBook-Air ComputationalSocialScienceProjects % git add Project4/
(base) aldaziagreen@Aldazias-MacBook-Air ComputationalSocialScienceProjects % git status
On branch main
Your branch is up to date with 'origin/main'.

Changes to be committed:
  (use "git restore --staged <file>..." to unstage)
	new file:   Project1/.ipynb_checkpoints/Project1file-checkpoint.txt
	new file:   Project4/.ipynb_checkpoints/Aldazia Project 4 Students-checkpoint.ipynb
	new file:   Project4/Aldazia Project 4 Students.ipynb

Untracked files:
  (use "git add <file>..." to include in what will be committed)
	Project2/Project 2 Aldazia Green .ipynb

(base) aldaziagreen@Aldazias-MacBook-Air ComputationalSocialScienceProjects % git add Project2/Project 2 Aldazia Green .ipynb
(base) aldaziagreen@Aldazias-MacBook-Air ComputationalSocialScienceProjects % git commit -m "Changes made"
[main 0043f0c] Changes made
 3 files changed, 5357 insertions(+)
 create mode 100644 Project1/.ipynb_checkpoints/Project1file-checkpoint.txt
 create mode 100644 Project4/.ipynb_checkpoints/Aldazia Project 4 Students-checkpoint.ipynb
 create mode 100644 Project4/Aldazia Project 4 Students.ipynb
(base) aldaziagreen@Aldazias-MacBook-Air ComputationalSocialScienceProjects % git push
Enumerating objects: 9, done.
Counting objects: 100% (9/9), done.
Delta compression using up to 8 threads
Compressing objects: 100% (7/7), done.
Writing objects: 100% (7/7), 865.29 KiB | 21.10 MiB/s, done.
Total 7 (delta 0), reused 0 (delta 0), pack-reused 0
To https://github.com/Aldazia/ComputationalSocialScienceProjects.git
   eed98ea..0043f0c  main -> main
(base) aldaziagreen@Aldazias-MacBook-Air ComputationalSocialScienceProjects % ls
Project1	Project2	Project3	Project4	README.md
(base) aldaziagreen@Aldazias-MacBook-Air ComputationalSocialScienceProjects % cd Project4           
(base) aldaziagreen@Aldazias-MacBook-Air Project4 % touch Project3file.txt
(base) aldaziagreen@Aldazias-MacBook-Air Project4 % ls
Aldazia Project 4 Students.ipynb	Project3file.txt
(base) aldaziagreen@Aldazias-MacBook-Air Project4 % nano Project3file.txt
(base) aldaziagreen@Aldazias-MacBook-Air Project4 %
