Last login: Fri Feb  7 11:58:09 on ttys000
(base) aldaziagreen@Aldazias-MacBook-Air ~ % cd git
(base) aldaziagreen@Aldazias-MacBook-Air git % ls
Aldazia.github.io
Computational-Social-Science-Training-Program
ComputationalSocialScienceProjects
GitHub-Collaboration-Practice
Python-Data-Wrangling
git_challenges
group_project
my_first_repo
(base) aldaziagreen@Aldazias-MacBook-Air git % cd ComputationalSocialScienceProjects
(base) aldaziagreen@Aldazias-MacBook-Air ComputationalSocialScienceProjects % ls
(base) aldaziagreen@Aldazias-MacBook-Air ComputationalSocialScienceProjects % git status
On branch main
Your branch is up to date with 'origin/main'.

Untracked files:
  (use "git add <file>..." to include in what will be committed)
	Project2/Project 2 Aldazia Green .ipynb
	Project5/

nothing added to commit but untracked files present (use "git add" to track)
(base) aldaziagreen@Aldazias-MacBook-Air ComputationalSocialScienceProjects % ls     
Project1	Project3	Project5
Project2	Project4	README.md
(base) aldaziagreen@Aldazias-MacBook-Air ComputationalSocialScienceProjects % cd Project5
(base) aldaziagreen@Aldazias-MacBook-Air Project5 % ls
Aldazia GreenProject 5 Student.ipynb
(base) aldaziagreen@Aldazias-MacBook-Air Project5 % git status
On branch main
Your branch is up to date with 'origin/main'.

Untracked files:
  (use "git add <file>..." to include in what will be committed)
	../Project2/Project 2 Aldazia Green .ipynb
	./

nothing added to commit but untracked files present (use "git add" to track)
(base) aldaziagreen@Aldazias-MacBook-Air Project5 % git add ./
(base) aldaziagreen@Aldazias-MacBook-Air Project5 % git status
On branch main
Your branch is up to date with 'origin/main'.

Changes to be committed:
  (use "git restore --staged <file>..." to unstage)
	new file:   .ipynb_checkpoints/Aldazia GreenProject 5 Student-checkpoint.ipynb
	new file:   Aldazia GreenProject 5 Student.ipynb

Untracked files:
  (use "git add <file>..." to include in what will be committed)
	../Project2/Project 2 Aldazia Green .ipynb

(base) aldaziagreen@Aldazias-MacBook-Air Project5 % git commit -m "Changes made to Project"
[main a5605d4] Changes made to Project
 2 files changed, 3084 insertions(+)
 create mode 100644 Project5/.ipynb_checkpoints/Aldazia GreenProject 5 Student-checkpoint.ipynb
 create mode 100644 Project5/Aldazia GreenProject 5 Student.ipynb
(base) aldaziagreen@Aldazias-MacBook-Air Project5 % git push
Enumerating objects: 6, done.
Counting objects: 100% (6/6), done.
Delta compression using up to 8 threads
Compressing objects: 100% (5/5), done.
Writing objects: 100% (5/5), 167.32 KiB | 20.91 MiB/s, done.
Total 5 (delta 1), reused 0 (delta 0), pack-reused 0
remote: Resolving deltas: 100% (1/1), completed with 1 local object.
To https://github.com/Aldazia/ComputationalSocialScienceProjects.git
   3f74be8..a5605d4  main -> main
(base) aldaziagreen@Aldazias-MacBook-Air Project5 % touch Project5file.txt
(base) aldaziagreen@Aldazias-MacBook-Air Project5 % ls
Aldazia GreenProject 5 Student.ipynb	Project5file.txt
(base) aldaziagreen@Aldazias-MacBook-Air Project5 % nano Project5file.txt
